// Jest Snapshot v1, https://goo.gl/fbAQLP

exports[`renders without crashing 1`] = `
Array [
  <h1
    className="text-center"
  >
    Temperature Converter
  </h1>,
  <form
    className="mx-auto mt-8 flex w-1/3 justify-between"
  >
    <div>
      <label
        htmlFor="celsius"
      >
        Celsius
      </label>
      <input
        className="w-36 rounded border"
        id="celsius"
        onChange={[Function]}
        type="number"
        value={0}
      />
    </div>
    <div>
      <label
        htmlFor="fahrenheit"
      >
        Fahrenheit
      </label>
      <input
        className="w-36 rounded border"
        id="fahrenheit"
        onChange={[Function]}
        type="number"
        value={0}
      />
    </div>
  </form>,
]
`;
